Using locale 'ru_RU.UTF-8'.


Fri Aug 20 06:20:10 2021
Command line: PhotoRec /debug

PhotoRec 7.1, Data Recovery Utility, July 2019
Christophe GRENIER <grenier@cgsecurity.org>
https://www.cgsecurity.org
OS: Linux, kernel 5.4.0-66-generic (#74-Ubuntu SMP Wed Jan 27 22:54:38 UTC 2021) x86_64
Compiler: GCC 9.2
ext2fs lib: 1.45.5, ntfs lib: libntfs-3g, ewf lib: none, libjpeg: libjpeg-turbo-2.0.2, curses lib: ncurses 6.1
/dev/sda: LBA, LBA48 support
/dev/sda: size       250069680 sectors
/dev/sda: user_max   250069680 sectors
Warning: can't get size for Disk /dev/mapper/control - 0 B - 0 sectors (RO), sector size=512
Warning: can't get size for Disk /dev/loop21 - 0 B - 0 sectors (RO), sector size=512
Hard disk list
Disk /dev/sda - 128 GB / 119 GiB - CHS 15566 255 63 (RO), sector size=512 - RTOTJ128VGD2EYX, S/N:SS0Q99984Z1CD97H11L8, FW:T2001
Disk /dev/loop0 - 104 MB / 99 MiB - 203520 sectors (RO), sector size=512
Disk /dev/loop1 - 58 MB / 55 MiB - 113544 sectors (RO), sector size=512
Disk /dev/loop10 - 100 MB / 96 MiB - 196864 sectors (RO), sector size=512
Disk /dev/loop11 - 170 MB / 162 MiB - 333552 sectors (RO), sector size=512
Disk /dev/loop12 - 430 MB / 410 MiB - 840832 sectors (RO), sector size=512
Disk /dev/loop13 - 13 MB / 12 MiB - 26288 sectors (RO), sector size=512
Disk /dev/loop14 - 446 MB / 426 MiB - 872920 sectors (RO), sector size=512
Disk /dev/loop15 - 33 MB / 32 MiB - 66120 sectors (RO), sector size=512
Disk /dev/loop16 - 72 MB / 68 MiB - 140824 sectors (RO), sector size=512
Disk /dev/loop17 - 188 MB / 179 MiB - 367520 sectors (RO), sector size=512
Disk /dev/loop18 - 33 MB / 32 MiB - 66144 sectors (RO), sector size=512
Disk /dev/loop19 - 188 MB / 179 MiB - 367752 sectors (RO), sector size=512
Disk /dev/loop2 - 104 MB / 99 MiB - 203536 sectors (RO), sector size=512
Disk /dev/loop20 - 72 MB / 68 MiB - 140824 sectors (RO), sector size=512
Disk /dev/loop3 - 58 MB / 55 MiB - 113536 sectors (RO), sector size=512
Disk /dev/loop4 - 80 MB / 76 MiB - 157104 sectors (RO), sector size=512
Disk /dev/loop5 - 80 MB / 77 MiB - 158016 sectors (RO), sector size=512
Disk /dev/loop6 - 68 MB / 65 MiB - 133320 sectors (RO), sector size=512
Disk /dev/loop7 - 172 MB / 164 MiB - 337424 sectors (RO), sector size=512
Disk /dev/loop8 - 67 MB / 64 MiB - 132648 sectors (RO), sector size=512
Disk /dev/loop9 - 100 MB / 96 MiB - 196864 sectors (RO), sector size=512

Can't open photorec.ses file: Нет такого файла или каталога
PhotoRec exited normally.
Using locale 'ru_RU.UTF-8'.


Fri Aug 20 06:27:38 2021
Command line: PhotoRec /log

PhotoRec 7.1, Data Recovery Utility, July 2019
Christophe GRENIER <grenier@cgsecurity.org>
https://www.cgsecurity.org
OS: Linux, kernel 5.4.0-66-generic (#74-Ubuntu SMP Wed Jan 27 22:54:38 UTC 2021) x86_64
Compiler: GCC 9.2
ext2fs lib: 1.45.5, ntfs lib: libntfs-3g, ewf lib: none, libjpeg: libjpeg-turbo-2.0.2, curses lib: ncurses 6.1
User is not root!
Hard disk list

PhotoRec exited normally.
Using locale 'ru_RU.UTF-8'.


Fri Aug 20 06:27:38 2021
Command line: PhotoRec /log

PhotoRec 7.1, Data Recovery Utility, July 2019
Christophe GRENIER <grenier@cgsecurity.org>
https://www.cgsecurity.org
OS: Linux, kernel 5.4.0-66-generic (#74-Ubuntu SMP Wed Jan 27 22:54:38 UTC 2021) x86_64
Compiler: GCC 9.2
ext2fs lib: 1.45.5, ntfs lib: libntfs-3g, ewf lib: none, libjpeg: libjpeg-turbo-2.0.2, curses lib: ncurses 6.1
/dev/sda: LBA, LBA48 support
/dev/sda: size       250069680 sectors
/dev/sda: user_max   250069680 sectors
Warning: can't get size for Disk /dev/mapper/control - 0 B - 0 sectors (RO), sector size=512
Warning: can't get size for Disk /dev/loop21 - 0 B - 0 sectors (RO), sector size=512
Hard disk list
Disk /dev/sda - 128 GB / 119 GiB - CHS 15566 255 63 (RO), sector size=512 - RTOTJ128VGD2EYX, S/N:SS0Q99984Z1CD97H11L8, FW:T2001
Disk /dev/loop0 - 104 MB / 99 MiB - 203520 sectors (RO), sector size=512
Disk /dev/loop1 - 58 MB / 55 MiB - 113544 sectors (RO), sector size=512
Disk /dev/loop10 - 100 MB / 96 MiB - 196864 sectors (RO), sector size=512
Disk /dev/loop11 - 170 MB / 162 MiB - 333552 sectors (RO), sector size=512
Disk /dev/loop12 - 430 MB / 410 MiB - 840832 sectors (RO), sector size=512
Disk /dev/loop13 - 13 MB / 12 MiB - 26288 sectors (RO), sector size=512
Disk /dev/loop14 - 446 MB / 426 MiB - 872920 sectors (RO), sector size=512
Disk /dev/loop15 - 33 MB / 32 MiB - 66120 sectors (RO), sector size=512
Disk /dev/loop16 - 72 MB / 68 MiB - 140824 sectors (RO), sector size=512
Disk /dev/loop17 - 188 MB / 179 MiB - 367520 sectors (RO), sector size=512
Disk /dev/loop18 - 33 MB / 32 MiB - 66144 sectors (RO), sector size=512
Disk /dev/loop19 - 188 MB / 179 MiB - 367752 sectors (RO), sector size=512
Disk /dev/loop2 - 104 MB / 99 MiB - 203536 sectors (RO), sector size=512
Disk /dev/loop20 - 72 MB / 68 MiB - 140824 sectors (RO), sector size=512
Disk /dev/loop3 - 58 MB / 55 MiB - 113536 sectors (RO), sector size=512
Disk /dev/loop4 - 80 MB / 76 MiB - 157104 sectors (RO), sector size=512
Disk /dev/loop5 - 80 MB / 77 MiB - 158016 sectors (RO), sector size=512
Disk /dev/loop6 - 68 MB / 65 MiB - 133320 sectors (RO), sector size=512
Disk /dev/loop7 - 172 MB / 164 MiB - 337424 sectors (RO), sector size=512
Disk /dev/loop8 - 67 MB / 64 MiB - 132648 sectors (RO), sector size=512
Disk /dev/loop9 - 100 MB / 96 MiB - 196864 sectors (RO), sector size=512

Can't open photorec.ses file: Нет такого файла или каталога
Partition table type (auto): Intel
Geometry from i386 MBR: head=255 sector=63
     No partition             0   0  1 15566  29 63  250069680 [Whole disk]
 1 * Linux                    0  32 33 15566  19  5  250066944
     ext4 blocksize=4096 Large_file Sparse_SB Recover, 128 GB / 119 GiB
New options :
 Paranoid : Yes
 Brute force : No
 Keep corrupted files : No
 ext2/ext3 mode : No
 Expert mode : No
 Low memory : No

Interface File Select

Interface File Select

Interface File Select
ext2/ext3/ext4 mode activated.
Carve free space only.

PhotoRec exited normally.
